
> daily-journal-frontend@1.0.0 start
> react-scripts start

Attempting to bind to HOST environment variable: 0.0.0.0
If this was unintentional, check that you haven't mistakenly set it in your shell.
Learn more here: https://cra.link/advanced-config

(node:14040) [DEP_WEBPACK_DEV_SERVER_ON_AFTER_SETUP_MIDDLEWARE] DeprecationWarning: 'onAfterSetupMiddleware' option is deprecated. Please use the 'setupMiddlewares' option.
(Use `node --trace-deprecation ...` to show where the warning was created)
(node:14040) [DEP_WEBPACK_DEV_SERVER_ON_BEFORE_SETUP_MIDDLEWARE] DeprecationWarning: 'onBeforeSetupMiddleware' option is deprecated. Please use the 'setupMiddlewares' option.
Starting the development server...

Compiled successfully!

You can now view daily-journal-frontend in the browser.

  Local:            http://localhost:3000
  On Your Network:  http://172.17.0.2:3000

Note that the development build is not optimized.
To create a production build, use npm run build.

webpack compiled successfully
Compiling...
Compiled successfully!
webpack compiled successfully
Compiling...
Failed to compile.

[eslint] 
src/components/AuthForm.js
  Line 9:59:  'SignIn' is not defined  react/jsx-no-undef
  Line 9:71:  'SignUp' is not defined  react/jsx-no-undef

Search for the keywords to learn more about each error.
ERROR in [eslint] 
src/components/AuthForm.js
  Line 9:59:  'SignIn' is not defined  react/jsx-no-undef
  Line 9:71:  'SignUp' is not defined  react/jsx-no-undef

Search for the keywords to learn more about each error.

webpack compiled with 1 error
Compiling...
Failed to compile.

Module not found: Error: Can't resolve '@clerk/clerk-react' in '/home/kavia/workspace/code-generation/reflectease-120486-120496/daily_journal_frontend/src'
WARNING in [eslint] 
src/App.js
  Line 15:3:  'useUser' is defined but never used  no-unused-vars

ERROR in ./src/App.js 13:0-109
Module not found: Error: Can't resolve '@clerk/clerk-react' in '/home/kavia/workspace/code-generation/reflectease-120486-120496/daily_journal_frontend/src'

ERROR in [eslint] 
src/components/AuthForm.js
  Line 9:59:  'SignIn' is not defined  react/jsx-no-undef
  Line 9:71:  'SignUp' is not defined  react/jsx-no-undef

Search for the keywords to learn more about each error.

webpack compiled with 2 errors and 1 warning
Compiling...
Failed to compile.

Module not found: Error: Can't resolve '@clerk/clerk-react' in '/home/kavia/workspace/code-generation/reflectease-120486-120496/daily_journal_frontend/src'
WARNING in [eslint] 
src/App.js
  Line 15:3:  'useUser' is defined but never used  no-unused-vars

ERROR in ./src/App.js 13:0-109
Module not found: Error: Can't resolve '@clerk/clerk-react' in '/home/kavia/workspace/code-generation/reflectease-120486-120496/daily_journal_frontend/src'

ERROR in [eslint] 
src/components/AuthForm.js
  Line 9:59:  'SignIn' is not defined  react/jsx-no-undef
  Line 9:71:  'SignUp' is not defined  react/jsx-no-undef

Search for the keywords to learn more about each error.

webpack compiled with 2 errors and 1 warning
Compiling...
Failed to compile.

Module not found: Error: Can't resolve '@clerk/clerk-react' in '/home/kavia/workspace/code-generation/reflectease-120486-120496/daily_journal_frontend/src'
WARNING in [eslint] 
src/App.js
  Line 15:3:  'useUser' is defined but never used  no-unused-vars

ERROR in ./src/App.js 13:0-109
Module not found: Error: Can't resolve '@clerk/clerk-react' in '/home/kavia/workspace/code-generation/reflectease-120486-120496/daily_journal_frontend/src'

ERROR in [eslint] 
src/components/AuthForm.js
  Line 9:59:  'SignIn' is not defined  react/jsx-no-undef
  Line 9:71:  'SignUp' is not defined  react/jsx-no-undef

Search for the keywords to learn more about each error.

webpack compiled with 2 errors and 1 warning
Compiling...
Failed to compile.

[eslint] 
src/components/AuthForm.js
  Line 9:59:  'SignIn' is not defined  react/jsx-no-undef
  Line 9:71:  'SignUp' is not defined  react/jsx-no-undef

Search for the keywords to learn more about each error.
WARNING in [eslint] 
src/App.js
  Line 15:3:  'useUser' is defined but never used  no-unused-vars

ERROR in [eslint] 
src/components/AuthForm.js
  Line 9:59:  'SignIn' is not defined  react/jsx-no-undef
  Line 9:71:  'SignUp' is not defined  react/jsx-no-undef

Search for the keywords to learn more about each error.

webpack compiled with 1 error and 1 warning
Compiling...
Failed to compile.

[eslint] 
src/components/AuthForm.js
  Line 9:59:  'SignIn' is not defined  react/jsx-no-undef
  Line 9:71:  'SignUp' is not defined  react/jsx-no-undef

Search for the keywords to learn more about each error.
WARNING in [eslint] 
src/App.js
  Line 15:3:  'useUser' is defined but never used  no-unused-vars

ERROR in [eslint] 
src/components/AuthForm.js
  Line 9:59:  'SignIn' is not defined  react/jsx-no-undef
  Line 9:71:  'SignUp' is not defined  react/jsx-no-undef

Search for the keywords to learn more about each error.

webpack compiled with 1 error and 1 warning
